******************************************************************************
                  TI ARM Linker PC v20.2.0                     
******************************************************************************
>> Linked Mon May 18 20:34:02 2020

OUTPUT FILE NAME:   <a9.out>
ENTRY POINT SYMBOL: "_c_int00_noargs"  address: 000009a9


MEMORY CONFIGURATION

         name            origin    length      used     unused   attr    fill
----------------------  --------  ---------  --------  --------  ----  --------
  MAIN                  00000000   00040000  00000a1c  0003f5e4  R  X
  INFO                  00200000   00004000  00000000  00004000  R  X
  SRAM_CODE             01000000   00010000  00000206  0000fdfa  RW X
  SRAM_DATA             20000000   00010000  00000206  0000fdfa  RW  


SEGMENT ALLOCATION MAP

run origin  load origin   length   init length attrs members
----------  ----------- ---------- ----------- ----- -------
00000000    00000000    00000a1c   00000a1c    r-x
  00000000    00000000    000000e4   000000e4    r-- .intvecs
  000000e4    000000e4    0000091c   0000091c    r-x .text
  00000a00    00000a00    0000001c   0000001c    r-- .cinit
20000000    20000000    00000006   00000000    rw-
  20000000    20000000    00000006   00000000    rw- .data
2000fe00    2000fe00    00000200   00000000    rw-
  2000fe00    2000fe00    00000200   00000000    rw- .stack


SECTION ALLOCATION MAP

 output                                  attributes/
section   page    origin      length       input sections
--------  ----  ----------  ----------   ----------------
.intvecs   0    00000000    000000e4     
                  00000000    000000e4     startup_msp432p401r_ccs.obj (.intvecs:retain)

.text      0    000000e4    0000091c     
                  000000e4    00000334     system_msp432p401r.obj (.text)
                  00000418    00000174     A9.obj (.text)
                  0000058c    00000150     A8.obj (.text)
                  000006dc    00000114     A2.obj (.text)
                  000007f0    0000009c     rtsv7M4_T_le_v4SPD16_eabi.lib : memcpy_t2.asm.obj (.text)
                  0000088c    00000070     main.obj (.text)
                  000008fc    00000068     rtsv7M4_T_le_v4SPD16_eabi.lib : copy_decompress_lzss.c.obj (.text:decompress:lzss:__TI_decompress_lzss)
                  00000964    00000044                                   : autoinit.c.obj (.text:__TI_auto_init_nobinit_nopinit:__TI_auto_init_nobinit_nopinit)
                  000009a8    00000034                                   : boot_cortex_m.c.obj (.text:_c_int00_noargs:_c_int00_noargs)
                  000009dc    0000000e                                   : copy_decompress_none.c.obj (.text:decompress:none:__TI_decompress_none)
                  000009ea    0000000e     startup_msp432p401r_ccs.obj (.text)
                  000009f8    00000004     rtsv7M4_T_le_v4SPD16_eabi.lib : pre_init.c.obj (.text:_system_pre_init)
                  000009fc    00000004                                   : exit.c.obj (.text:abort:abort)

.cinit     0    00000a00    0000001c     
                  00000a00    0000000a     (.cinit..data.load) [load image, compression = lzss]
                  00000a0a    00000002     --HOLE-- [fill = 0]
                  00000a0c    00000008     (__TI_handler_table)
                  00000a14    00000008     (__TI_cinit_table)

.init_array 
*          0    00000000    00000000     UNINITIALIZED

.binit     0    00000000    00000000     

.data      0    20000000    00000006     UNINITIALIZED
                  20000000    00000004     system_msp432p401r.obj (.data)
                  20000004    00000001     A8.obj (.data)
                  20000005    00000001     A9.obj (.data)

.stack     0    2000fe00    00000200     UNINITIALIZED
                  2000fe00    00000004     rtsv7M4_T_le_v4SPD16_eabi.lib : boot_cortex_m.c.obj (.stack)
                  2000fe04    000001fc     --HOLE--

__llvm_prf_cnts 
*          0    20000000    00000000     UNINITIALIZED

MODULE SUMMARY

       Module                        code   ro data   rw data
       ------                        ----   -------   -------
    .\
       system_msp432p401r.obj        820    0         8      
       A9.obj                        372    0         2      
       A8.obj                        336    0         2      
       A2.obj                        276    0         0      
       startup_msp432p401r_ccs.obj   14     228       0      
       main.obj                      112    0         0      
    +--+-----------------------------+------+---------+---------+
       Total:                        1930   228       12     
                                                             
    C:\ti\ccs1000\ccs\tools\compiler\ti-cgt-arm_20.2.0.LTS\lib\rtsv7M4_T_le_v4SPD16_eabi.lib
       memcpy_t2.asm.obj             156    0         0      
       copy_decompress_lzss.c.obj    104    0         0      
       autoinit.c.obj                68     0         0      
       boot_cortex_m.c.obj           52     0         0      
       copy_decompress_none.c.obj    14     0         0      
       exit.c.obj                    4      0         0      
       pre_init.c.obj                4      0         0      
    +--+-----------------------------+------+---------+---------+
       Total:                        402    0         0      
                                                             
       Stack:                        0      0         1024   
       Linker Generated:             0      26        0      
    +--+-----------------------------+------+---------+---------+
       Grand Total:                  2332   254       1036   


LINKER GENERATED COPY TABLES

__TI_cinit_table @ 00000a14 records: 1, size/record: 8, table size: 8
	.data: load addr=00000a00, load size=0000000a bytes, run addr=20000000, run size=00000006 bytes, compression=lzss


LINKER GENERATED HANDLER TABLE

__TI_handler_table @ 00000a0c records: 2, size/record: 4, table size: 8
	index: 0, handler: __TI_decompress_lzss
	index: 1, handler: __TI_decompress_none


GLOBAL SYMBOLS: SORTED ALPHABETICALLY BY Name 

address   name                          
-------   ----                          
00000547  ADC14_IRQHandler              
00000547  ADC14_IRQHandler              
00000419  ADC_init                      
000009f7  AES256_IRQHandler             
000009f7  BusFault_Handler              
000009fd  C$$EXIT                       
000009f7  COMP_E0_IRQHandler            
000009f7  COMP_E1_IRQHandler            
000009f7  CS_IRQHandler                 
000009f7  DMA_ERR_IRQHandler            
000009f7  DMA_INT0_IRQHandler           
000009f7  DMA_INT1_IRQHandler           
000009f7  DMA_INT2_IRQHandler           
000009f7  DMA_INT3_IRQHandler           
000009f7  DebugMon_Handler              
000009f7  Default_Handler               
0000064d  EUSCIA0_IRQHandler            
0000064d  EUSCIA0_IRQHandler            
000009f7  EUSCIA1_IRQHandler            
000009f7  EUSCIA2_IRQHandler            
000009f7  EUSCIA3_IRQHandler            
000009f7  EUSCIB0_IRQHandler            
000009f7  EUSCIB1_IRQHandler            
000009f7  EUSCIB2_IRQHandler            
000009f7  EUSCIB3_IRQHandler            
000009f7  FLCTL_IRQHandler              
000009f7  FPU_IRQHandler                
000009f7  HardFault_Handler             
000009f7  MemManage_Handler             
000009f7  NMI_Handler                   
000009f7  PCM_IRQHandler                
000009f7  PORT1_IRQHandler              
000009f7  PORT2_IRQHandler              
000009f7  PORT3_IRQHandler              
000009f7  PORT4_IRQHandler              
000009f7  PORT5_IRQHandler              
000009f7  PORT6_IRQHandler              
000009f7  PSS_IRQHandler                
000009f7  PendSV_Handler                
000009f7  RTC_C_IRQHandler              
000009eb  Reset_Handler                 
000009f7  SVC_Handler                   
000009f7  SysTick_Handler               
20000000  SystemCoreClock               
000000e5  SystemCoreClockUpdate         
0000035d  SystemInit                    
000009f7  T32_INT1_IRQHandler           
000009f7  T32_INT2_IRQHandler           
000009f7  T32_INTC_IRQHandler           
000009f7  TA0_0_IRQHandler              
000009f7  TA0_N_IRQHandler              
000009f7  TA1_0_IRQHandler              
000009f7  TA1_N_IRQHandler              
000009f7  TA2_0_IRQHandler              
000009f7  TA2_N_IRQHandler              
000009f7  TA3_0_IRQHandler              
000009f7  TA3_N_IRQHandler              
0000058d  UART_init                     
000009f7  UsageFault_Handler            
4000480c  WDTCTL_SYM                    
000009f7  WDT_A_IRQHandler              
20010000  __STACK_END                   
00000200  __STACK_SIZE                  
00000a14  __TI_CINIT_Base               
00000a1c  __TI_CINIT_Limit              
00000a0c  __TI_Handler_Table_Base       
00000a14  __TI_Handler_Table_Limit      
00000965  __TI_auto_init_nobinit_nopinit
000008fd  __TI_decompress_lzss          
000009dd  __TI_decompress_none          
ffffffff  __TI_pprof_out_hndl           
ffffffff  __TI_prof_data_size           
ffffffff  __TI_prof_data_start          
00000000  __TI_static_base__            
000007f1  __aeabi_memcpy                
000007f1  __aeabi_memcpy4               
000007f1  __aeabi_memcpy8               
ffffffff  __binit__                     
ffffffff  __c_args__                    
UNDEFED   __mpu_init                    
2000fe00  __stack                       
20000000  __start___llvm_prf_cnts       
20000000  __stop___llvm_prf_cnts        
000009a9  _c_int00_noargs               
UNDEFED   _system_post_cinit            
000009f9  _system_pre_init              
000009fd  abort                         
0000065f  array_to_int                  
ffffffff  binit                         
00000761  delay_us                      
00000493  get_conversion_results        
00000541  get_global_flag               
00000647  get_receive_flag              
00000000  interruptVectors              
0000088d  main                          
000007f1  memcpy                        
20000004  receive                       
000005ed  receive_data                  
20000005  received                      
000006dd  set_DCO                       
0000052d  set_global_flag               
00000633  set_receive_flag              
0000060f  transmit_data                 
000004cd  transmit_word                 
000004a3  voltage_conversion            


GLOBAL SYMBOLS: SORTED BY Symbol Address 

address   name                          
-------   ----                          
00000000  __TI_static_base__            
00000000  interruptVectors              
000000e5  SystemCoreClockUpdate         
00000200  __STACK_SIZE                  
0000035d  SystemInit                    
00000419  ADC_init                      
00000493  get_conversion_results        
000004a3  voltage_conversion            
000004cd  transmit_word                 
0000052d  set_global_flag               
00000541  get_global_flag               
00000547  ADC14_IRQHandler              
00000547  ADC14_IRQHandler              
0000058d  UART_init                     
000005ed  receive_data                  
0000060f  transmit_data                 
00000633  set_receive_flag              
00000647  get_receive_flag              
0000064d  EUSCIA0_IRQHandler            
0000064d  EUSCIA0_IRQHandler            
0000065f  array_to_int                  
000006dd  set_DCO                       
00000761  delay_us                      
000007f1  __aeabi_memcpy                
000007f1  __aeabi_memcpy4               
000007f1  __aeabi_memcpy8               
000007f1  memcpy                        
0000088d  main                          
000008fd  __TI_decompress_lzss          
00000965  __TI_auto_init_nobinit_nopinit
000009a9  _c_int00_noargs               
000009dd  __TI_decompress_none          
000009eb  Reset_Handler                 
000009f7  AES256_IRQHandler             
000009f7  BusFault_Handler              
000009f7  COMP_E0_IRQHandler            
000009f7  COMP_E1_IRQHandler            
000009f7  CS_IRQHandler                 
000009f7  DMA_ERR_IRQHandler            
000009f7  DMA_INT0_IRQHandler           
000009f7  DMA_INT1_IRQHandler           
000009f7  DMA_INT2_IRQHandler           
000009f7  DMA_INT3_IRQHandler           
000009f7  DebugMon_Handler              
000009f7  Default_Handler               
000009f7  EUSCIA1_IRQHandler            
000009f7  EUSCIA2_IRQHandler            
000009f7  EUSCIA3_IRQHandler            
000009f7  EUSCIB0_IRQHandler            
000009f7  EUSCIB1_IRQHandler            
000009f7  EUSCIB2_IRQHandler            
000009f7  EUSCIB3_IRQHandler            
000009f7  FLCTL_IRQHandler              
000009f7  FPU_IRQHandler                
000009f7  HardFault_Handler             
000009f7  MemManage_Handler             
000009f7  NMI_Handler                   
000009f7  PCM_IRQHandler                
000009f7  PORT1_IRQHandler              
000009f7  PORT2_IRQHandler              
000009f7  PORT3_IRQHandler              
000009f7  PORT4_IRQHandler              
000009f7  PORT5_IRQHandler              
000009f7  PORT6_IRQHandler              
000009f7  PSS_IRQHandler                
000009f7  PendSV_Handler                
000009f7  RTC_C_IRQHandler              
000009f7  SVC_Handler                   
000009f7  SysTick_Handler               
000009f7  T32_INT1_IRQHandler           
000009f7  T32_INT2_IRQHandler           
000009f7  T32_INTC_IRQHandler           
000009f7  TA0_0_IRQHandler              
000009f7  TA0_N_IRQHandler              
000009f7  TA1_0_IRQHandler              
000009f7  TA1_N_IRQHandler              
000009f7  TA2_0_IRQHandler              
000009f7  TA2_N_IRQHandler              
000009f7  TA3_0_IRQHandler              
000009f7  TA3_N_IRQHandler              
000009f7  UsageFault_Handler            
000009f7  WDT_A_IRQHandler              
000009f9  _system_pre_init              
000009fd  C$$EXIT                       
000009fd  abort                         
00000a0c  __TI_Handler_Table_Base       
00000a14  __TI_CINIT_Base               
00000a14  __TI_Handler_Table_Limit      
00000a1c  __TI_CINIT_Limit              
20000000  SystemCoreClock               
20000000  __start___llvm_prf_cnts       
20000000  __stop___llvm_prf_cnts        
20000004  receive                       
20000005  received                      
2000fe00  __stack                       
20010000  __STACK_END                   
4000480c  WDTCTL_SYM                    
ffffffff  __TI_pprof_out_hndl           
ffffffff  __TI_prof_data_size           
ffffffff  __TI_prof_data_start          
ffffffff  __binit__                     
ffffffff  __c_args__                    
ffffffff  binit                         
UNDEFED   __mpu_init                    
UNDEFED   _system_post_cinit            

[105 symbols]
